// Jest Snapshot v1, https://goo.gl/fbAQLP

exports[`POST /users strips restricted content from yser creates: inavlid-user-response 1`] = `
Object {
  "header": Object {
    "access-control-allow-credentials": "true",
    "access-control-expose-headers": "x-auth-token",
    "connection": "close",
    "content-length": "79",
    "content-type": "application/json; charset=utf-8",
    "date": "Mon, 20 Apr 2020 06:46:55 GMT",
    "etag": "W/\\"4f-qpuMIEHXq4Xgi3a+DN9m4dWJiU8\\"",
    "vary": "Origin",
    "x-powered-by": "Express",
  },
  "req": Object {
    "data": Object {
      "adminUser": true,
      "age": 22,
      "email": "admin@gmail.com",
      "foo": "bar",
      "password": "test-password1",
      "phone": 12068238934,
    },
    "headers": Object {
      "accept": "application/json",
      "content-type": "application/json",
      "user-agent": "node-superagent/3.8.3",
    },
    "method": "POST",
    "url": "http://127.0.0.1:59997/v1/user",
  },
  "status": 500,
  "text": "{\\"fields\\":null,\\"message\\":\\"Duplicate Email Address\\",\\"name\\":\\"Error\\",\\"status\\":500}",
}
`;
